
> kharcha@0.1.0 build
> next build

Γû▓ Next.js 16.1.1 (Turbopack)

  Creating an optimized production build ...
npm : 
At line:1 char:1
+ npm run build > 
build_error.log 2>&1
+ ~~~~~~~~~~~~~~~~~~~~~~~
~~~~~~~~~~~~~
    + CategoryInfo       
       : NotSpecified:   
  (:String) [], Remote   
 Exception
    + FullyQualifiedErro 
   rId : NativeCommandE  
  rror
 
> Build error occurred
Error: Turbopack build 
failed with 1 errors:
./src/components/layout/h
eader.tsx:2:10
Ecmascript file had an 
error
[0m [90m 1 |[39m 
[36mimport[39m 
[33mLink[39m 
[36mfrom[39m 
[32m"next/link"[39m
[31m[1m>[22m[39m[90m
 2 |[39m 
[36mimport[39m { 
usePathname } 
[36mfrom[39m [32m"next
/navigation"[39m
 [90m   |[39m          
[31m[1m^[22m[39m[31m
[1m^[22m[39m[31m[1m^
[22m[39m[31m[1m^[22m
[39m[31m[1m^[22m[39m
[31m[1m^[22m[39m[31m
[1m^[22m[39m[31m[1m^
[22m[39m[31m[1m^[22m
[39m[31m[1m^[22m[39m
[31m[1m^[22m[39m
 [90m 3 |[39m 
[36mimport[39m { cn } 
[36mfrom[39m 
[32m"@/lib/utils"[39m
 [90m 4 |[39m 
[36mimport[39m { 
[33mButton[39m } 
[36mfrom[39m [32m"@/co
mponents/ui/button"[39m
 [90m 5 |[39m 
[36mimport[39m { [33mM
oon[39m[33m,[39m 
[33mSun[39m[33m,[39m 
[33mWallet[39m } 
[36mfrom[39m [32m"luci
de-react"[39m[0m

You're importing a 
component that needs 
`usePathname`. This 
React Hook only works in 
a Client Component. To 
fix, mark the file (or 
its parent) with the 
`"use client"` directive.

 Learn more: https://next
js.org/docs/app/api-refer
ence/directives/use-clien
t



Import trace:
  Server Component:
    ./src/components/layo
ut/header.tsx
    ./src/app/layout.tsx


    at <unknown> (./src/c
omponents/layout/header.t
sx:2:10)
