
> kharcha@0.1.0 build
> next build

Γû▓ Next.js 16.1.1 (Turbopack)
- Environments: .env.local

npm : ΓÜá The 
"middleware" file 
convention is 
deprecated. Please 
use "proxy" instead. 
Learn more: https://n
extjs.org/docs/messag
es/middleware-to-prox
y
At line:1 char:1
+ npm run build 2>&1 
| Tee-Object 
build_output.txt
+ ~~~~~~~~~~~~~~~~~~
    + CategoryInfo   
           : NotSpe  
  cified: (ΓÜá The   
  "middle...lewar    
e-to-proxy:Strin    
g) [], RemoteExc    
eption
    + FullyQualified 
   ErrorId : Native  
  CommandError
 
  Creating an optimized production build ...
Γ£ô Compiled successfully in 25.0s
  Running TypeScript ...
Failed to compile.

./src/lib/hooks/useSp
eechRecognition.ts:17
:33
Type error: Cannot 
find name 
'SpeechRecognition'.

[0m [90m 15 |[39m 
  [36mconst[39m [is
Listening[33m,[39m 
setIsListening] 
[33m=[39m useState(
[36mfalse[39m)
 [90m 16 |[39m   
[36mconst[39m 
[error[33m,[39m 
setError] 
[33m=[39m useState
[33m<[39m[33mstring
[39m [33m|[39m [3
6mnull[39m[33m>[39
m([36mnull[39m)
[31m[1m>[22m[39m
[90m 17 |[39m   
[36mconst[39m 
recognitionRef 
[33m=[39m useRef[3
3m<[39m[33mSpeechRe
cognition[39m 
[33m|[39m [36mnull
[39m[33m>[39m([36
mnull[39m)
 [90m    |[39m     
                     
       
[31m[1m^[22m[39m
 [90m 18 |[39m
 [90m 19 |[39m   
[90m// Check 
browser support[39m
 [90m 20 |[39m   
[36mconst[39m 
isSupported 
[33m=[39m 
[36mtypeof[39m 
window [33m!==[39m 
[32m'undefined'[39m
 [33m&&[39m [0m
Next.js build worker 
exited with code: 1 
and signal: null
